Archive member included to satisfy reference by file (symbol)

c:/st/stm32cubeide_1.9.0/stm32cubeide/plugins/com.st.stm32cube.ide.mcu.externaltools.gnu-tools-for-stm32.10.3-2021.10.win32_1.0.0.202111181127/tools/bin/../lib/gcc/arm-none-eabi/10.3.1/../../../../arm-none-eabi/lib/thumb/v7e-m/nofp\libc_nano.a(lib_a-errno.o)
                              ./Src/syscalls.o (__errno)
c:/st/stm32cubeide_1.9.0/stm32cubeide/plugins/com.st.stm32cube.ide.mcu.externaltools.gnu-tools-for-stm32.10.3-2021.10.win32_1.0.0.202111181127/tools/bin/../lib/gcc/arm-none-eabi/10.3.1/../../../../arm-none-eabi/lib/thumb/v7e-m/nofp\libc_nano.a(lib_a-exit.o)
                              c:/st/stm32cubeide_1.9.0/stm32cubeide/plugins/com.st.stm32cube.ide.mcu.externaltools.gnu-tools-for-stm32.10.3-2021.10.win32_1.0.0.202111181127/tools/bin/../lib/gcc/arm-none-eabi/10.3.1/../../../../arm-none-eabi/lib/thumb/v7e-m/nofp/crt0.o (exit)
c:/st/stm32cubeide_1.9.0/stm32cubeide/plugins/com.st.stm32cube.ide.mcu.externaltools.gnu-tools-for-stm32.10.3-2021.10.win32_1.0.0.202111181127/tools/bin/../lib/gcc/arm-none-eabi/10.3.1/../../../../arm-none-eabi/lib/thumb/v7e-m/nofp\libc_nano.a(lib_a-impure.o)
                              c:/st/stm32cubeide_1.9.0/stm32cubeide/plugins/com.st.stm32cube.ide.mcu.externaltools.gnu-tools-for-stm32.10.3-2021.10.win32_1.0.0.202111181127/tools/bin/../lib/gcc/arm-none-eabi/10.3.1/../../../../arm-none-eabi/lib/thumb/v7e-m/nofp\libc_nano.a(lib_a-exit.o) (_global_impure_ptr)
c:/st/stm32cubeide_1.9.0/stm32cubeide/plugins/com.st.stm32cube.ide.mcu.externaltools.gnu-tools-for-stm32.10.3-2021.10.win32_1.0.0.202111181127/tools/bin/../lib/gcc/arm-none-eabi/10.3.1/../../../../arm-none-eabi/lib/thumb/v7e-m/nofp\libc_nano.a(lib_a-init.o)
                              c:/st/stm32cubeide_1.9.0/stm32cubeide/plugins/com.st.stm32cube.ide.mcu.externaltools.gnu-tools-for-stm32.10.3-2021.10.win32_1.0.0.202111181127/tools/bin/../lib/gcc/arm-none-eabi/10.3.1/../../../../arm-none-eabi/lib/thumb/v7e-m/nofp/crt0.o (__libc_init_array)
c:/st/stm32cubeide_1.9.0/stm32cubeide/plugins/com.st.stm32cube.ide.mcu.externaltools.gnu-tools-for-stm32.10.3-2021.10.win32_1.0.0.202111181127/tools/bin/../lib/gcc/arm-none-eabi/10.3.1/../../../../arm-none-eabi/lib/thumb/v7e-m/nofp\libc_nano.a(lib_a-memset.o)
                              c:/st/stm32cubeide_1.9.0/stm32cubeide/plugins/com.st.stm32cube.ide.mcu.externaltools.gnu-tools-for-stm32.10.3-2021.10.win32_1.0.0.202111181127/tools/bin/../lib/gcc/arm-none-eabi/10.3.1/../../../../arm-none-eabi/lib/thumb/v7e-m/nofp/crt0.o (memset)

Discarded input sections

 .text          0x0000000000000000        0x0 c:/st/stm32cubeide_1.9.0/stm32cubeide/plugins/com.st.stm32cube.ide.mcu.externaltools.gnu-tools-for-stm32.10.3-2021.10.win32_1.0.0.202111181127/tools/bin/../lib/gcc/arm-none-eabi/10.3.1/thumb/v7e-m/nofp/crti.o
 .data          0x0000000000000000        0x0 c:/st/stm32cubeide_1.9.0/stm32cubeide/plugins/com.st.stm32cube.ide.mcu.externaltools.gnu-tools-for-stm32.10.3-2021.10.win32_1.0.0.202111181127/tools/bin/../lib/gcc/arm-none-eabi/10.3.1/thumb/v7e-m/nofp/crti.o
 .bss           0x0000000000000000        0x0 c:/st/stm32cubeide_1.9.0/stm32cubeide/plugins/com.st.stm32cube.ide.mcu.externaltools.gnu-tools-for-stm32.10.3-2021.10.win32_1.0.0.202111181127/tools/bin/../lib/gcc/arm-none-eabi/10.3.1/thumb/v7e-m/nofp/crti.o
 .data          0x0000000000000000        0x4 c:/st/stm32cubeide_1.9.0/stm32cubeide/plugins/com.st.stm32cube.ide.mcu.externaltools.gnu-tools-for-stm32.10.3-2021.10.win32_1.0.0.202111181127/tools/bin/../lib/gcc/arm-none-eabi/10.3.1/thumb/v7e-m/nofp/crtbegin.o
 .rodata        0x0000000000000000       0x24 c:/st/stm32cubeide_1.9.0/stm32cubeide/plugins/com.st.stm32cube.ide.mcu.externaltools.gnu-tools-for-stm32.10.3-2021.10.win32_1.0.0.202111181127/tools/bin/../lib/gcc/arm-none-eabi/10.3.1/thumb/v7e-m/nofp/crtbegin.o
 .text          0x0000000000000000       0x7c c:/st/stm32cubeide_1.9.0/stm32cubeide/plugins/com.st.stm32cube.ide.mcu.externaltools.gnu-tools-for-stm32.10.3-2021.10.win32_1.0.0.202111181127/tools/bin/../lib/gcc/arm-none-eabi/10.3.1/../../../../arm-none-eabi/lib/thumb/v7e-m/nofp/crt0.o
 .data          0x0000000000000000        0x0 c:/st/stm32cubeide_1.9.0/stm32cubeide/plugins/com.st.stm32cube.ide.mcu.externaltools.gnu-tools-for-stm32.10.3-2021.10.win32_1.0.0.202111181127/tools/bin/../lib/gcc/arm-none-eabi/10.3.1/../../../../arm-none-eabi/lib/thumb/v7e-m/nofp/crt0.o
 .bss           0x0000000000000000        0x0 c:/st/stm32cubeide_1.9.0/stm32cubeide/plugins/com.st.stm32cube.ide.mcu.externaltools.gnu-tools-for-stm32.10.3-2021.10.win32_1.0.0.202111181127/tools/bin/../lib/gcc/arm-none-eabi/10.3.1/../../../../arm-none-eabi/lib/thumb/v7e-m/nofp/crt0.o
 .ARM.extab     0x0000000000000000        0x0 c:/st/stm32cubeide_1.9.0/stm32cubeide/plugins/com.st.stm32cube.ide.mcu.externaltools.gnu-tools-for-stm32.10.3-2021.10.win32_1.0.0.202111181127/tools/bin/../lib/gcc/arm-none-eabi/10.3.1/../../../../arm-none-eabi/lib/thumb/v7e-m/nofp/crt0.o
 .ARM.exidx     0x0000000000000000       0x10 c:/st/stm32cubeide_1.9.0/stm32cubeide/plugins/com.st.stm32cube.ide.mcu.externaltools.gnu-tools-for-stm32.10.3-2021.10.win32_1.0.0.202111181127/tools/bin/../lib/gcc/arm-none-eabi/10.3.1/../../../../arm-none-eabi/lib/thumb/v7e-m/nofp/crt0.o
 .ARM.attributes
                0x0000000000000000       0x1c c:/st/stm32cubeide_1.9.0/stm32cubeide/plugins/com.st.stm32cube.ide.mcu.externaltools.gnu-tools-for-stm32.10.3-2021.10.win32_1.0.0.202111181127/tools/bin/../lib/gcc/arm-none-eabi/10.3.1/../../../../arm-none-eabi/lib/thumb/v7e-m/nofp/crt0.o
 .group         0x0000000000000000        0xc ./Src/main.o
 .group         0x0000000000000000        0xc ./Src/main.o
 .group         0x0000000000000000        0xc ./Src/main.o
 .group         0x0000000000000000        0xc ./Src/main.o
 .group         0x0000000000000000        0xc ./Src/main.o
 .group         0x0000000000000000        0xc ./Src/main.o
 .group         0x0000000000000000        0xc ./Src/main.o
 .group         0x0000000000000000        0xc ./Src/main.o
 .group         0x0000000000000000        0xc ./Src/main.o
 .group         0x0000000000000000        0xc ./Src/main.o
 .group         0x0000000000000000        0xc ./Src/main.o
 .group         0x0000000000000000        0xc ./Src/main.o
 .group         0x0000000000000000        0xc ./Src/main.o
 .group         0x0000000000000000        0xc ./Src/main.o
 .group         0x0000000000000000        0xc ./Src/main.o
 .group         0x0000000000000000        0xc ./Src/main.o
 .group         0x0000000000000000        0xc ./Src/main.o
 .group         0x0000000000000000        0xc ./Src/main.o
 .group         0x0000000000000000        0xc ./Src/main.o
 .group         0x0000000000000000        0xc ./Src/main.o
 .group         0x0000000000000000        0xc ./Src/main.o
 .group         0x0000000000000000        0xc ./Src/main.o
 .group         0x0000000000000000        0xc ./Src/main.o
 .group         0x0000000000000000        0xc ./Src/main.o
 .group         0x0000000000000000        0xc ./Src/main.o
 .group         0x0000000000000000        0xc ./Src/main.o
 .group         0x0000000000000000        0xc ./Src/main.o
 .group         0x0000000000000000        0xc ./Src/main.o
 .group         0x0000000000000000        0xc ./Src/main.o
 .text          0x0000000000000000        0x0 ./Src/main.o
 .data          0x0000000000000000        0x0 ./Src/main.o
 .bss           0x0000000000000000        0x0 ./Src/main.o
 .group         0x0000000000000000        0xc ./Src/syscalls.o
 .group         0x0000000000000000        0xc ./Src/syscalls.o
 .group         0x0000000000000000        0xc ./Src/syscalls.o
 .group         0x0000000000000000        0xc ./Src/syscalls.o
 .group         0x0000000000000000        0xc ./Src/syscalls.o
 .group         0x0000000000000000        0xc ./Src/syscalls.o
 .group         0x0000000000000000        0xc ./Src/syscalls.o
 .group         0x0000000000000000        0xc ./Src/syscalls.o
 .group         0x0000000000000000        0xc ./Src/syscalls.o
 .group         0x0000000000000000        0xc ./Src/syscalls.o
 .group         0x0000000000000000        0xc ./Src/syscalls.o
 .group         0x0000000000000000        0xc ./Src/syscalls.o
 .group         0x0000000000000000        0xc ./Src/syscalls.o
 .group         0x0000000000000000        0xc ./Src/syscalls.o
 .group         0x0000000000000000        0xc ./Src/syscalls.o
 .group         0x0000000000000000        0xc ./Src/syscalls.o
 .group         0x0000000000000000        0xc ./Src/syscalls.o
 .group         0x0000000000000000        0xc ./Src/syscalls.o
 .group         0x0000000000000000        0xc ./Src/syscalls.o
 .group         0x0000000000000000        0xc ./Src/syscalls.o
 .group         0x0000000000000000        0xc ./Src/syscalls.o
 .group         0x0000000000000000        0xc ./Src/syscalls.o
 .group         0x0000000000000000        0xc ./Src/syscalls.o
 .group         0x0000000000000000        0xc ./Src/syscalls.o
 .group         0x0000000000000000        0xc ./Src/syscalls.o
 .group         0x0000000000000000        0xc ./Src/syscalls.o
 .group         0x0000000000000000        0xc ./Src/syscalls.o
 .group         0x0000000000000000        0xc ./Src/syscalls.o
 .group         0x0000000000000000        0xc ./Src/syscalls.o
 .group         0x0000000000000000        0xc ./Src/syscalls.o
 .group         0x0000000000000000        0xc ./Src/syscalls.o
 .group         0x0000000000000000        0xc ./Src/syscalls.o
 .group         0x0000000000000000        0xc ./Src/syscalls.o
 .group         0x0000000000000000        0xc ./Src/syscalls.o
 .group         0x0000000000000000        0xc ./Src/syscalls.o
 .group         0x0000000000000000        0xc ./Src/syscalls.o
 .group         0x0000000000000000        0xc ./Src/syscalls.o
 .group         0x0000000000000000        0xc ./Src/syscalls.o
 .group         0x0000000000000000        0xc ./Src/syscalls.o
 .group         0x0000000000000000        0xc ./Src/syscalls.o
 .group         0x0000000000000000        0xc ./Src/syscalls.o
 .group         0x0000000000000000        0xc ./Src/syscalls.o
 .group         0x0000000000000000        0xc ./Src/syscalls.o
 .group         0x0000000000000000        0xc ./Src/syscalls.o
 .group         0x0000000000000000        0xc ./Src/syscalls.o
 .group         0x0000000000000000        0xc ./Src/syscalls.o
 .group         0x0000000000000000        0xc ./Src/syscalls.o
 .text          0x0000000000000000        0x0 ./Src/syscalls.o
 .data          0x0000000000000000        0x0 ./Src/syscalls.o
 .bss           0x0000000000000000        0x0 ./Src/syscalls.o
 .text.initialise_monitor_handles
                0x0000000000000000        0x4 ./Src/syscalls.o
 .text._getpid  0x0000000000000000        0x4 ./Src/syscalls.o
 .text._kill    0x0000000000000000       0x10 ./Src/syscalls.o
 .text._exit    0x0000000000000000        0xc ./Src/syscalls.o
 .text._read    0x0000000000000000       0x1c ./Src/syscalls.o
 .text._write   0x0000000000000000       0x1c ./Src/syscalls.o
 .text._close   0x0000000000000000        0x8 ./Src/syscalls.o
 .text._fstat   0x0000000000000000        0xc ./Src/syscalls.o
 .text._isatty  0x0000000000000000        0x4 ./Src/syscalls.o
 .text._lseek   0x0000000000000000        0x4 ./Src/syscalls.o
 .text._open    0x0000000000000000        0xc ./Src/syscalls.o
 .text._wait    0x0000000000000000       0x10 ./Src/syscalls.o
 .text._unlink  0x0000000000000000       0x10 ./Src/syscalls.o
 .text._times   0x0000000000000000        0x8 ./Src/syscalls.o
 .text._stat    0x0000000000000000        0xc ./Src/syscalls.o
 .text._link    0x0000000000000000       0x10 ./Src/syscalls.o
 .text._fork    0x0000000000000000       0x10 ./Src/syscalls.o
 .text._execve  0x0000000000000000       0x10 ./Src/syscalls.o
 .bss.__env     0x0000000000000000        0x4 ./Src/syscalls.o
 .data.environ  0x0000000000000000        0x4 ./Src/syscalls.o
 .debug_info    0x0000000000000000      0x7de ./Src/syscalls.o
 .debug_abbrev  0x0000000000000000      0x202 ./Src/syscalls.o
 .debug_loc     0x0000000000000000      0x3bb ./Src/syscalls.o
 .debug_aranges
                0x0000000000000000       0xa8 ./Src/syscalls.o
 .debug_ranges  0x0000000000000000       0xb0 ./Src/syscalls.o
 .debug_macro   0x0000000000000000      0x24c ./Src/syscalls.o
 .debug_macro   0x0000000000000000      0xa78 ./Src/syscalls.o
 .debug_macro   0x0000000000000000       0x22 ./Src/syscalls.o
 .debug_macro   0x0000000000000000       0x4c ./Src/syscalls.o
 .debug_macro   0x0000000000000000       0x18 ./Src/syscalls.o
 .debug_macro   0x0000000000000000       0x94 ./Src/syscalls.o
 .debug_macro   0x0000000000000000       0x3c ./Src/syscalls.o
 .debug_macro   0x0000000000000000       0x34 ./Src/syscalls.o
 .debug_macro   0x0000000000000000       0x57 ./Src/syscalls.o
 .debug_macro   0x0000000000000000      0x174 ./Src/syscalls.o
 .debug_macro   0x0000000000000000      0x341 ./Src/syscalls.o
 .debug_macro   0x0000000000000000       0x16 ./Src/syscalls.o
 .debug_macro   0x0000000000000000       0x43 ./Src/syscalls.o
 .debug_macro   0x0000000000000000       0x34 ./Src/syscalls.o
 .debug_macro   0x0000000000000000       0x10 ./Src/syscalls.o
 .debug_macro   0x0000000000000000       0x58 ./Src/syscalls.o
 .debug_macro   0x0000000000000000       0x71 ./Src/syscalls.o
 .debug_macro   0x0000000000000000       0x1c ./Src/syscalls.o
 .debug_macro   0x0000000000000000      0x12a ./Src/syscalls.o
 .debug_macro   0x0000000000000000       0x10 ./Src/syscalls.o
 .debug_macro   0x0000000000000000       0x35 ./Src/syscalls.o
 .debug_macro   0x0000000000000000       0x10 ./Src/syscalls.o
 .debug_macro   0x0000000000000000       0x10 ./Src/syscalls.o
 .debug_macro   0x0000000000000000       0x10 ./Src/syscalls.o
 .debug_macro   0x0000000000000000       0x6a ./Src/syscalls.o
 .debug_macro   0x0000000000000000       0x1c ./Src/syscalls.o
 .debug_macro   0x0000000000000000       0x52 ./Src/syscalls.o
 .debug_macro   0x0000000000000000       0x22 ./Src/syscalls.o
 .debug_macro   0x0000000000000000       0x10 ./Src/syscalls.o
 .debug_macro   0x0000000000000000       0x52 ./Src/syscalls.o
 .debug_macro   0x0000000000000000       0xd5 ./Src/syscalls.o
 .debug_macro   0x0000000000000000       0x1c ./Src/syscalls.o
 .debug_macro   0x0000000000000000       0x3d ./Src/syscalls.o
 .debug_macro   0x0000000000000000       0x35 ./Src/syscalls.o
 .debug_macro   0x0000000000000000      0x12c ./Src/syscalls.o
 .debug_macro   0x0000000000000000       0x16 ./Src/syscalls.o
 .debug_macro   0x0000000000000000       0x16 ./Src/syscalls.o
 .debug_macro   0x0000000000000000       0x29 ./Src/syscalls.o
 .debug_macro   0x0000000000000000       0x10 ./Src/syscalls.o
 .debug_macro   0x0000000000000000      0x241 ./Src/syscalls.o
 .debug_macro   0x0000000000000000       0x1c ./Src/syscalls.o
 .debug_macro   0x0000000000000000       0x10 ./Src/syscalls.o
 .debug_macro   0x0000000000000000       0x10 ./Src/syscalls.o
 .debug_macro   0x0000000000000000       0x16 ./Src/syscalls.o
 .debug_macro   0x0000000000000000      0x145 ./Src/syscalls.o
 .debug_macro   0x0000000000000000      0x189 ./Src/syscalls.o
 .debug_macro   0x0000000000000000       0x16 ./Src/syscalls.o
 .debug_macro   0x0000000000000000       0xce ./Src/syscalls.o
 .debug_line    0x0000000000000000      0x894 ./Src/syscalls.o
 .debug_str     0x0000000000000000     0x8a41 ./Src/syscalls.o
 .comment       0x0000000000000000       0x51 ./Src/syscalls.o
 .debug_frame   0x0000000000000000      0x190 ./Src/syscalls.o
 .ARM.attributes
                0x0000000000000000       0x2e ./Src/syscalls.o
 .group         0x0000000000000000        0xc ./Src/sysmem.o
 .group         0x0000000000000000        0xc ./Src/sysmem.o
 .group         0x0000000000000000        0xc ./Src/sysmem.o
 .group         0x0000000000000000        0xc ./Src/sysmem.o
 .group         0x0000000000000000        0xc ./Src/sysmem.o
 .group         0x0000000000000000        0xc ./Src/sysmem.o
 .group         0x0000000000000000        0xc ./Src/sysmem.o
 .group         0x0000000000000000        0xc ./Src/sysmem.o
 .group         0x0000000000000000        0xc ./Src/sysmem.o
 .group         0x0000000000000000        0xc ./Src/sysmem.o
 .group         0x0000000000000000        0xc ./Src/sysmem.o
 .group         0x0000000000000000        0xc ./Src/sysmem.o
 .group         0x0000000000000000        0xc ./Src/sysmem.o
 .group         0x0000000000000000        0xc ./Src/sysmem.o
 .group         0x0000000000000000        0xc ./Src/sysmem.o
 .group         0x0000000000000000        0xc ./Src/sysmem.o
 .group         0x0000000000000000        0xc ./Src/sysmem.o
 .group         0x0000000000000000        0xc ./Src/sysmem.o
 .group         0x0000000000000000        0xc ./Src/sysmem.o
 .group         0x0000000000000000        0xc ./Src/sysmem.o
 .group         0x0000000000000000        0xc ./Src/sysmem.o
 .group         0x0000000000000000        0xc ./Src/sysmem.o
 .text          0x0000000000000000        0x0 ./Src/sysmem.o
 .data          0x0000000000000000        0x0 ./Src/sysmem.o
 .bss           0x0000000000000000        0x0 ./Src/sysmem.o
 .text._sbrk    0x0000000000000000       0x44 ./Src/sysmem.o
 .bss.__sbrk_heap_end
                0x0000000000000000        0x4 ./Src/sysmem.o
 .debug_info    0x0000000000000000      0x18e ./Src/sysmem.o
 .debug_abbrev  0x0000000000000000       0xdd ./Src/sysmem.o
 .debug_loc     0x0000000000000000       0x70 ./Src/sysmem.o
 .debug_aranges
                0x0000000000000000       0x20 ./Src/sysmem.o
 .debug_ranges  0x0000000000000000       0x10 ./Src/sysmem.o
 .debug_macro   0x0000000000000000       0xff ./Src/sysmem.o
 .debug_macro   0x0000000000000000      0xa78 ./Src/sysmem.o
 .debug_macro   0x0000000000000000       0x10 ./Src/sysmem.o
 .debug_macro   0x0000000000000000       0x22 ./Src/sysmem.o
 .debug_macro   0x0000000000000000       0x4c ./Src/sysmem.o
 .debug_macro   0x0000000000000000       0x18 ./Src/sysmem.o
 .debug_macro   0x0000000000000000       0x94 ./Src/sysmem.o
 .debug_macro   0x0000000000000000       0x3c ./Src/sysmem.o
 .debug_macro   0x0000000000000000       0x34 ./Src/sysmem.o
 .debug_macro   0x0000000000000000      0x174 ./Src/sysmem.o
 .debug_macro   0x0000000000000000       0x16 ./Src/sysmem.o
 .debug_macro   0x0000000000000000       0x43 ./Src/sysmem.o
 .debug_macro   0x0000000000000000       0x57 ./Src/sysmem.o
 .debug_macro   0x0000000000000000       0x34 ./Src/sysmem.o
 .debug_macro   0x0000000000000000       0x10 ./Src/sysmem.o
 .debug_macro   0x0000000000000000       0x58 ./Src/sysmem.o
 .debug_macro   0x0000000000000000       0x71 ./Src/sysmem.o
 .debug_macro   0x0000000000000000       0x1c ./Src/sysmem.o
 .debug_macro   0x0000000000000000      0x12a ./Src/sysmem.o
 .debug_macro   0x0000000000000000      0x23b ./Src/sysmem.o
 .debug_macro   0x0000000000000000      0x103 ./Src/sysmem.o
 .debug_macro   0x0000000000000000       0x6a ./Src/sysmem.o
 .debug_macro   0x0000000000000000      0x1df ./Src/sysmem.o
 .debug_line    0x0000000000000000      0x51b ./Src/sysmem.o
 .debug_str     0x0000000000000000     0x5d7d ./Src/sysmem.o
 .comment       0x0000000000000000       0x51 ./Src/sysmem.o
 .debug_frame   0x0000000000000000       0x28 ./Src/sysmem.o
 .ARM.attributes
                0x0000000000000000       0x2e ./Src/sysmem.o
 .text          0x0000000000000000       0x14 ./Startup/startup_stm32f407vgtx.o
 .data          0x0000000000000000        0x0 ./Startup/startup_stm32f407vgtx.o
 .bss           0x0000000000000000        0x0 ./Startup/startup_stm32f407vgtx.o
 .group         0x0000000000000000        0xc ./myDriver/Src/EXTI.o
 .group         0x0000000000000000        0xc ./myDriver/Src/EXTI.o
 .group         0x0000000000000000        0xc ./myDriver/Src/EXTI.o
 .group         0x0000000000000000        0xc ./myDriver/Src/EXTI.o
 .group         0x0000000000000000        0xc ./myDriver/Src/EXTI.o
 .group         0x0000000000000000        0xc ./myDriver/Src/EXTI.o
 .group         0x0000000000000000        0xc ./myDriver/Src/EXTI.o
 .group         0x0000000000000000        0xc ./myDriver/Src/EXTI.o
 .group         0x0000000000000000        0xc ./myDriver/Src/EXTI.o
 .group         0x0000000000000000        0xc ./myDriver/Src/EXTI.o
 .group         0x0000000000000000        0xc ./myDriver/Src/EXTI.o
 .group         0x0000000000000000        0xc ./myDriver/Src/EXTI.o
 .group         0x0000000000000000        0xc ./myDriver/Src/EXTI.o
 .group         0x0000000000000000        0xc ./myDriver/Src/EXTI.o
 .group         0x0000000000000000        0xc ./myDriver/Src/EXTI.o
 .group         0x0000000000000000        0xc ./myDriver/Src/EXTI.o
 .group         0x0000000000000000        0xc ./myDriver/Src/EXTI.o
 .group         0x0000000000000000        0xc ./myDriver/Src/EXTI.o
 .group         0x0000000000000000        0xc ./myDriver/Src/EXTI.o
 .group         0x0000000000000000        0xc ./myDriver/Src/EXTI.o
 .group         0x0000000000000000        0xc ./myDriver/Src/EXTI.o
 .group         0x0000000000000000        0xc ./myDriver/Src/EXTI.o
 .group         0x0000000000000000        0xc ./myDriver/Src/EXTI.o
 .group         0x0000000000000000        0xc ./myDriver/Src/EXTI.o
 .group         0x0000000000000000        0xc ./myDriver/Src/EXTI.o
 .group         0x0000000000000000        0xc ./myDriver/Src/EXTI.o
 .group         0x0000000000000000        0xc ./myDriver/Src/EXTI.o
 .group         0x0000000000000000        0xc ./myDriver/Src/EXTI.o
 .group         0x0000000000000000        0xc ./myDriver/Src/EXTI.o
 .text          0x0000000000000000        0x0 ./myDriver/Src/EXTI.o
 .data          0x0000000000000000        0x0 ./myDriver/Src/EXTI.o
 .bss           0x0000000000000000        0x0 ./myDriver/Src/EXTI.o
 .debug_macro   0x0000000000000000      0xa78 ./myDriver/Src/EXTI.o
 .debug_macro   0x0000000000000000       0x22 ./myDriver/Src/EXTI.o
 .debug_macro   0x0000000000000000       0x8e ./myDriver/Src/EXTI.o
 .debug_macro   0x0000000000000000       0x51 ./myDriver/Src/EXTI.o
 .debug_macro   0x0000000000000000      0x103 ./myDriver/Src/EXTI.o
 .debug_macro   0x0000000000000000       0x6a ./myDriver/Src/EXTI.o
 .debug_macro   0x0000000000000000      0x1df ./myDriver/Src/EXTI.o
 .debug_macro   0x0000000000000000       0x52 ./myDriver/Src/EXTI.o
 .debug_macro   0x0000000000000000       0x18 ./myDriver/Src/EXTI.o
 .debug_macro   0x0000000000000000       0x3c ./myDriver/Src/EXTI.o
 .debug_macro   0x0000000000000000       0x34 ./myDriver/Src/EXTI.o
 .debug_macro   0x0000000000000000      0x174 ./myDriver/Src/EXTI.o
 .debug_macro   0x0000000000000000       0x16 ./myDriver/Src/EXTI.o
 .debug_macro   0x0000000000000000       0x43 ./myDriver/Src/EXTI.o
 .debug_macro   0x0000000000000000       0x34 ./myDriver/Src/EXTI.o
 .debug_macro   0x0000000000000000       0x10 ./myDriver/Src/EXTI.o
 .debug_macro   0x0000000000000000       0x58 ./myDriver/Src/EXTI.o
 .debug_macro   0x0000000000000000       0x71 ./myDriver/Src/EXTI.o
 .debug_macro   0x0000000000000000       0x1c ./myDriver/Src/EXTI.o
 .debug_macro   0x0000000000000000      0x12a ./myDriver/Src/EXTI.o
 .debug_macro   0x0000000000000000      0x341 ./myDriver/Src/EXTI.o
 .debug_macro   0x0000000000000000       0x10 ./myDriver/Src/EXTI.o
 .debug_macro   0x0000000000000000       0x35 ./myDriver/Src/EXTI.o
 .debug_macro   0x0000000000000000       0x20 ./myDriver/Src/EXTI.o
 .debug_macro   0x0000000000000000      0x290 ./myDriver/Src/EXTI.o
 .debug_macro   0x0000000000000000       0x70 ./myDriver/Src/EXTI.o
 .debug_macro   0x0000000000000000      0x11e ./myDriver/Src/EXTI.o
 .debug_macro   0x0000000000000000       0xac ./myDriver/Src/EXTI.o
 .group         0x0000000000000000        0xc ./myDriver/Src/GPIO.o
 .group         0x0000000000000000        0xc ./myDriver/Src/GPIO.o
 .group         0x0000000000000000        0xc ./myDriver/Src/GPIO.o
 .group         0x0000000000000000        0xc ./myDriver/Src/GPIO.o
 .group         0x0000000000000000        0xc ./myDriver/Src/GPIO.o
 .group         0x0000000000000000        0xc ./myDriver/Src/GPIO.o
 .group         0x0000000000000000        0xc ./myDriver/Src/GPIO.o
 .group         0x0000000000000000        0xc ./myDriver/Src/GPIO.o
 .group         0x0000000000000000        0xc ./myDriver/Src/GPIO.o
 .group         0x0000000000000000        0xc ./myDriver/Src/GPIO.o
 .group         0x0000000000000000        0xc ./myDriver/Src/GPIO.o
 .group         0x0000000000000000        0xc ./myDriver/Src/GPIO.o
 .group         0x0000000000000000        0xc ./myDriver/Src/GPIO.o
 .group         0x0000000000000000        0xc ./myDriver/Src/GPIO.o
 .group         0x0000000000000000        0xc ./myDriver/Src/GPIO.o
 .group         0x0000000000000000        0xc ./myDriver/Src/GPIO.o
 .group         0x0000000000000000        0xc ./myDriver/Src/GPIO.o
 .group         0x0000000000000000        0xc ./myDriver/Src/GPIO.o
 .group         0x0000000000000000        0xc ./myDriver/Src/GPIO.o
 .group         0x0000000000000000        0xc ./myDriver/Src/GPIO.o
 .group         0x0000000000000000        0xc ./myDriver/Src/GPIO.o
 .group         0x0000000000000000        0xc ./myDriver/Src/GPIO.o
 .group         0x0000000000000000        0xc ./myDriver/Src/GPIO.o
 .group         0x0000000000000000        0xc ./myDriver/Src/GPIO.o
 .group         0x0000000000000000        0xc ./myDriver/Src/GPIO.o
 .group         0x0000000000000000        0xc ./myDriver/Src/GPIO.o
 .group         0x0000000000000000        0xc ./myDriver/Src/GPIO.o
 .group         0x0000000000000000        0xc ./myDriver/Src/GPIO.o
 .group         0x0000000000000000        0xc ./myDriver/Src/GPIO.o
 .text          0x0000000000000000        0x0 ./myDriver/Src/GPIO.o
 .data          0x0000000000000000        0x0 ./myDriver/Src/GPIO.o
 .bss           0x0000000000000000        0x0 ./myDriver/Src/GPIO.o
 .text.GPIO_Write_Pin
                0x0000000000000000       0x10 ./myDriver/Src/GPIO.o
 .text.GPIO_Read_Pin
                0x0000000000000000        0xc ./myDriver/Src/GPIO.o
 .text.GPIO_Locked_Pin
                0x0000000000000000       0x10 ./myDriver/Src/GPIO.o
 .text.GPIO_Toggle_Pin
                0x0000000000000000       0x14 ./myDriver/Src/GPIO.o
 .debug_macro   0x0000000000000000      0xa78 ./myDriver/Src/GPIO.o
 .debug_macro   0x0000000000000000       0x22 ./myDriver/Src/GPIO.o
 .debug_macro   0x0000000000000000       0x8e ./myDriver/Src/GPIO.o
 .debug_macro   0x0000000000000000       0x51 ./myDriver/Src/GPIO.o
 .debug_macro   0x0000000000000000      0x103 ./myDriver/Src/GPIO.o
 .debug_macro   0x0000000000000000       0x6a ./myDriver/Src/GPIO.o
 .debug_macro   0x0000000000000000      0x1df ./myDriver/Src/GPIO.o
 .debug_macro   0x0000000000000000       0x52 ./myDriver/Src/GPIO.o
 .debug_macro   0x0000000000000000       0x18 ./myDriver/Src/GPIO.o
 .debug_macro   0x0000000000000000       0x3c ./myDriver/Src/GPIO.o
 .debug_macro   0x0000000000000000       0x34 ./myDriver/Src/GPIO.o
 .debug_macro   0x0000000000000000      0x174 ./myDriver/Src/GPIO.o
 .debug_macro   0x0000000000000000       0x16 ./myDriver/Src/GPIO.o
 .debug_macro   0x0000000000000000       0x43 ./myDriver/Src/GPIO.o
 .debug_macro   0x0000000000000000       0x34 ./myDriver/Src/GPIO.o
 .debug_macro   0x0000000000000000       0x10 ./myDriver/Src/GPIO.o
 .debug_macro   0x0000000000000000       0x58 ./myDriver/Src/GPIO.o
 .debug_macro   0x0000000000000000       0x71 ./myDriver/Src/GPIO.o
 .debug_macro   0x0000000000000000       0x1c ./myDriver/Src/GPIO.o
 .debug_macro   0x0000000000000000      0x12a ./myDriver/Src/GPIO.o
 .debug_macro   0x0000000000000000      0x341 ./myDriver/Src/GPIO.o
 .debug_macro   0x0000000000000000       0x10 ./myDriver/Src/GPIO.o
 .debug_macro   0x0000000000000000       0x35 ./myDriver/Src/GPIO.o
 .debug_macro   0x0000000000000000       0x20 ./myDriver/Src/GPIO.o
 .debug_macro   0x0000000000000000      0x290 ./myDriver/Src/GPIO.o
 .debug_macro   0x0000000000000000       0x70 ./myDriver/Src/GPIO.o
 .debug_macro   0x0000000000000000       0xb8 ./myDriver/Src/GPIO.o
 .debug_macro   0x0000000000000000       0xac ./myDriver/Src/GPIO.o
 .group         0x0000000000000000        0xc ./myDriver/Src/RCC.o
 .group         0x0000000000000000        0xc ./myDriver/Src/RCC.o
 .group         0x0000000000000000        0xc ./myDriver/Src/RCC.o
 .group         0x0000000000000000        0xc ./myDriver/Src/RCC.o
 .group         0x0000000000000000        0xc ./myDriver/Src/RCC.o
 .group         0x0000000000000000        0xc ./myDriver/Src/RCC.o
 .group         0x0000000000000000        0xc ./myDriver/Src/RCC.o
 .group         0x0000000000000000        0xc ./myDriver/Src/RCC.o
 .group         0x0000000000000000        0xc ./myDriver/Src/RCC.o
 .group         0x0000000000000000        0xc ./myDriver/Src/RCC.o
 .group         0x0000000000000000        0xc ./myDriver/Src/RCC.o
 .group         0x0000000000000000        0xc ./myDriver/Src/RCC.o
 .group         0x0000000000000000        0xc ./myDriver/Src/RCC.o
 .group         0x0000000000000000        0xc ./myDriver/Src/RCC.o
 .group         0x0000000000000000        0xc ./myDriver/Src/RCC.o
 .group         0x0000000000000000        0xc ./myDriver/Src/RCC.o
 .group         0x0000000000000000        0xc ./myDriver/Src/RCC.o
 .group         0x0000000000000000        0xc ./myDriver/Src/RCC.o
 .group         0x0000000000000000        0xc ./myDriver/Src/RCC.o
 .group         0x0000000000000000        0xc ./myDriver/Src/RCC.o
 .group         0x0000000000000000        0xc ./myDriver/Src/RCC.o
 .group         0x0000000000000000        0xc ./myDriver/Src/RCC.o
 .group         0x0000000000000000        0xc ./myDriver/Src/RCC.o
 .group         0x0000000000000000        0xc ./myDriver/Src/RCC.o
 .group         0x0000000000000000        0xc ./myDriver/Src/RCC.o
 .group         0x0000000000000000        0xc ./myDriver/Src/RCC.o
 .group         0x0000000000000000        0xc ./myDriver/Src/RCC.o
 .group         0x0000000000000000        0xc ./myDriver/Src/RCC.o
 .group         0x0000000000000000        0xc ./myDriver/Src/RCC.o
 .text          0x0000000000000000        0x0 ./myDriver/Src/RCC.o
 .data          0x0000000000000000        0x0 ./myDriver/Src/RCC.o
 .bss           0x0000000000000000        0x0 ./myDriver/Src/RCC.o
 .debug_info    0x0000000000000000       0x76 ./myDriver/Src/RCC.o
 .debug_abbrev  0x0000000000000000       0x29 ./myDriver/Src/RCC.o
 .debug_aranges
                0x0000000000000000       0x18 ./myDriver/Src/RCC.o
 .debug_macro   0x0000000000000000      0x185 ./myDriver/Src/RCC.o
 .debug_macro   0x0000000000000000      0xa78 ./myDriver/Src/RCC.o
 .debug_macro   0x0000000000000000       0x22 ./myDriver/Src/RCC.o
 .debug_macro   0x0000000000000000       0x8e ./myDriver/Src/RCC.o
 .debug_macro   0x0000000000000000       0x51 ./myDriver/Src/RCC.o
 .debug_macro   0x0000000000000000      0x103 ./myDriver/Src/RCC.o
 .debug_macro   0x0000000000000000       0x6a ./myDriver/Src/RCC.o
 .debug_macro   0x0000000000000000      0x1df ./myDriver/Src/RCC.o
 .debug_macro   0x0000000000000000       0x52 ./myDriver/Src/RCC.o
 .debug_macro   0x0000000000000000       0x18 ./myDriver/Src/RCC.o
 .debug_macro   0x0000000000000000       0x3c ./myDriver/Src/RCC.o
 .debug_macro   0x0000000000000000       0x34 ./myDriver/Src/RCC.o
 .debug_macro   0x0000000000000000      0x174 ./myDriver/Src/RCC.o
 .debug_macro   0x0000000000000000       0x16 ./myDriver/Src/RCC.o
 .debug_macro   0x0000000000000000       0x43 ./myDriver/Src/RCC.o
 .debug_macro   0x0000000000000000       0x34 ./myDriver/Src/RCC.o
 .debug_macro   0x0000000000000000       0x10 ./myDriver/Src/RCC.o
 .debug_macro   0x0000000000000000       0x58 ./myDriver/Src/RCC.o
 .debug_macro   0x0000000000000000       0x71 ./myDriver/Src/RCC.o
 .debug_macro   0x0000000000000000       0x1c ./myDriver/Src/RCC.o
 .debug_macro   0x0000000000000000      0x12a ./myDriver/Src/RCC.o
 .debug_macro   0x0000000000000000      0x341 ./myDriver/Src/RCC.o
 .debug_macro   0x0000000000000000       0x10 ./myDriver/Src/RCC.o
 .debug_macro   0x0000000000000000       0x35 ./myDriver/Src/RCC.o
 .debug_macro   0x0000000000000000       0x20 ./myDriver/Src/RCC.o
 .debug_macro   0x0000000000000000      0x290 ./myDriver/Src/RCC.o
 .debug_macro   0x0000000000000000      0x118 ./myDriver/Src/RCC.o
 .debug_macro   0x0000000000000000       0xb8 ./myDriver/Src/RCC.o
 .debug_macro   0x0000000000000000       0xac ./myDriver/Src/RCC.o
 .debug_macro   0x0000000000000000       0x70 ./myDriver/Src/RCC.o
 .debug_line    0x0000000000000000      0x557 ./myDriver/Src/RCC.o
 .debug_str     0x0000000000000000     0x9193 ./myDriver/Src/RCC.o
 .comment       0x0000000000000000       0x51 ./myDriver/Src/RCC.o
 .ARM.attributes
                0x0000000000000000       0x2e ./myDriver/Src/RCC.o
 .group         0x0000000000000000        0xc ./myDriver/Src/SPI.o
 .group         0x0000000000000000        0xc ./myDriver/Src/SPI.o
 .group         0x0000000000000000        0xc ./myDriver/Src/SPI.o
 .group         0x0000000000000000        0xc ./myDriver/Src/SPI.o
 .group         0x0000000000000000        0xc ./myDriver/Src/SPI.o
 .group         0x0000000000000000        0xc ./myDriver/Src/SPI.o
 .group         0x0000000000000000        0xc ./myDriver/Src/SPI.o
 .group         0x0000000000000000        0xc ./myDriver/Src/SPI.o
 .group         0x0000000000000000        0xc ./myDriver/Src/SPI.o
 .group         0x0000000000000000        0xc ./myDriver/Src/SPI.o
 .group         0x0000000000000000        0xc ./myDriver/Src/SPI.o
 .group         0x0000000000000000        0xc ./myDriver/Src/SPI.o
 .group         0x0000000000000000        0xc ./myDriver/Src/SPI.o
 .group         0x0000000000000000        0xc ./myDriver/Src/SPI.o
 .group         0x0000000000000000        0xc ./myDriver/Src/SPI.o
 .group         0x0000000000000000        0xc ./myDriver/Src/SPI.o
 .group         0x0000000000000000        0xc ./myDriver/Src/SPI.o
 .group         0x0000000000000000        0xc ./myDriver/Src/SPI.o
 .group         0x0000000000000000        0xc ./myDriver/Src/SPI.o
 .group         0x0000000000000000        0xc ./myDriver/Src/SPI.o
 .group         0x0000000000000000        0xc ./myDriver/Src/SPI.o
 .group         0x0000000000000000        0xc ./myDriver/Src/SPI.o
 .group         0x0000000000000000        0xc ./myDriver/Src/SPI.o
 .group         0x0000000000000000        0xc ./myDriver/Src/SPI.o
 .group         0x0000000000000000        0xc ./myDriver/Src/SPI.o
 .group         0x0000000000000000        0xc ./myDriver/Src/SPI.o
 .group         0x0000000000000000        0xc ./myDriver/Src/SPI.o
 .group         0x0000000000000000        0xc ./myDriver/Src/SPI.o
 .group         0x0000000000000000        0xc ./myDriver/Src/SPI.o
 .text          0x0000000000000000        0x0 ./myDriver/Src/SPI.o
 .data          0x0000000000000000        0x0 ./myDriver/Src/SPI.o
 .bss           0x0000000000000000        0x0 ./myDriver/Src/SPI.o
 .text.SPI_TransmitData
                0x0000000000000000       0x44 ./myDriver/Src/SPI.o
 .text.SPI_ReceiveData
                0x0000000000000000       0x40 ./myDriver/Src/SPI.o
 .text.getSPIFlagStatus
                0x0000000000000000       0x10 ./myDriver/Src/SPI.o
 .debug_macro   0x0000000000000000      0xa78 ./myDriver/Src/SPI.o
 .debug_macro   0x0000000000000000       0x22 ./myDriver/Src/SPI.o
 .debug_macro   0x0000000000000000       0x8e ./myDriver/Src/SPI.o
 .debug_macro   0x0000000000000000       0x51 ./myDriver/Src/SPI.o
 .debug_macro   0x0000000000000000      0x103 ./myDriver/Src/SPI.o
 .debug_macro   0x0000000000000000       0x6a ./myDriver/Src/SPI.o
 .debug_macro   0x0000000000000000      0x1df ./myDriver/Src/SPI.o
 .debug_macro   0x0000000000000000       0x52 ./myDriver/Src/SPI.o
 .debug_macro   0x0000000000000000       0x18 ./myDriver/Src/SPI.o
 .debug_macro   0x0000000000000000       0x3c ./myDriver/Src/SPI.o
 .debug_macro   0x0000000000000000       0x34 ./myDriver/Src/SPI.o
 .debug_macro   0x0000000000000000      0x174 ./myDriver/Src/SPI.o
 .debug_macro   0x0000000000000000       0x16 ./myDriver/Src/SPI.o
 .debug_macro   0x0000000000000000       0x43 ./myDriver/Src/SPI.o
 .debug_macro   0x0000000000000000       0x34 ./myDriver/Src/SPI.o
 .debug_macro   0x0000000000000000       0x10 ./myDriver/Src/SPI.o
 .debug_macro   0x0000000000000000       0x58 ./myDriver/Src/SPI.o
 .debug_macro   0x0000000000000000       0x71 ./myDriver/Src/SPI.o
 .debug_macro   0x0000000000000000       0x1c ./myDriver/Src/SPI.o
 .debug_macro   0x0000000000000000      0x12a ./myDriver/Src/SPI.o
 .debug_macro   0x0000000000000000      0x341 ./myDriver/Src/SPI.o
 .debug_macro   0x0000000000000000       0x10 ./myDriver/Src/SPI.o
 .debug_macro   0x0000000000000000       0x35 ./myDriver/Src/SPI.o
 .debug_macro   0x0000000000000000       0x20 ./myDriver/Src/SPI.o
 .debug_macro   0x0000000000000000      0x290 ./myDriver/Src/SPI.o
 .debug_macro   0x0000000000000000       0x70 ./myDriver/Src/SPI.o
 .debug_macro   0x0000000000000000      0x11e ./myDriver/Src/SPI.o
 .debug_macro   0x0000000000000000       0xb8 ./myDriver/Src/SPI.o
 .text          0x0000000000000000        0x0 c:/st/stm32cubeide_1.9.0/stm32cubeide/plugins/com.st.stm32cube.ide.mcu.externaltools.gnu-tools-for-stm32.10.3-2021.10.win32_1.0.0.202111181127/tools/bin/../lib/gcc/arm-none-eabi/10.3.1/../../../../arm-none-eabi/lib/thumb/v7e-m/nofp\libc_nano.a(lib_a-errno.o)
 .data          0x0000000000000000        0x0 c:/st/stm32cubeide_1.9.0/stm32cubeide/plugins/com.st.stm32cube.ide.mcu.externaltools.gnu-tools-for-stm32.10.3-2021.10.win32_1.0.0.202111181127/tools/bin/../lib/gcc/arm-none-eabi/10.3.1/../../../../arm-none-eabi/lib/thumb/v7e-m/nofp\libc_nano.a(lib_a-errno.o)
 .bss           0x0000000000000000        0x0 c:/st/stm32cubeide_1.9.0/stm32cubeide/plugins/com.st.stm32cube.ide.mcu.externaltools.gnu-tools-for-stm32.10.3-2021.10.win32_1.0.0.202111181127/tools/bin/../lib/gcc/arm-none-eabi/10.3.1/../../../../arm-none-eabi/lib/thumb/v7e-m/nofp\libc_nano.a(lib_a-errno.o)
 .text.__errno  0x0000000000000000        0xc c:/st/stm32cubeide_1.9.0/stm32cubeide/plugins/com.st.stm32cube.ide.mcu.externaltools.gnu-tools-for-stm32.10.3-2021.10.win32_1.0.0.202111181127/tools/bin/../lib/gcc/arm-none-eabi/10.3.1/../../../../arm-none-eabi/lib/thumb/v7e-m/nofp\libc_nano.a(lib_a-errno.o)
 .debug_frame   0x0000000000000000       0x20 c:/st/stm32cubeide_1.9.0/stm32cubeide/plugins/com.st.stm32cube.ide.mcu.externaltools.gnu-tools-for-stm32.10.3-2021.10.win32_1.0.0.202111181127/tools/bin/../lib/gcc/arm-none-eabi/10.3.1/../../../../arm-none-eabi/lib/thumb/v7e-m/nofp\libc_nano.a(lib_a-errno.o)
 .ARM.attributes
                0x0000000000000000       0x2e c:/st/stm32cubeide_1.9.0/stm32cubeide/plugins/com.st.stm32cube.ide.mcu.externaltools.gnu-tools-for-stm32.10.3-2021.10.win32_1.0.0.202111181127/tools/bin/../lib/gcc/arm-none-eabi/10.3.1/../../../../arm-none-eabi/lib/thumb/v7e-m/nofp\libc_nano.a(lib_a-errno.o)
 .text          0x0000000000000000        0x0 c:/st/stm32cubeide_1.9.0/stm32cubeide/plugins/com.st.stm32cube.ide.mcu.externaltools.gnu-tools-for-stm32.10.3-2021.10.win32_1.0.0.202111181127/tools/bin/../lib/gcc/arm-none-eabi/10.3.1/../../../../arm-none-eabi/lib/thumb/v7e-m/nofp\libc_nano.a(lib_a-exit.o)
 .data          0x0000000000000000        0x0 c:/st/stm32cubeide_1.9.0/stm32cubeide/plugins/com.st.stm32cube.ide.mcu.externaltools.gnu-tools-for-stm32.10.3-2021.10.win32_1.0.0.202111181127/tools/bin/../lib/gcc/arm-none-eabi/10.3.1/../../../../arm-none-eabi/lib/thumb/v7e-m/nofp\libc_nano.a(lib_a-exit.o)
 .bss           0x0000000000000000        0x0 c:/st/stm32cubeide_1.9.0/stm32cubeide/plugins/com.st.stm32cube.ide.mcu.externaltools.gnu-tools-for-stm32.10.3-2021.10.win32_1.0.0.202111181127/tools/bin/../lib/gcc/arm-none-eabi/10.3.1/../../../../arm-none-eabi/lib/thumb/v7e-m/nofp\libc_nano.a(lib_a-exit.o)
 .text.exit     0x0000000000000000       0x28 c:/st/stm32cubeide_1.9.0/stm32cubeide/plugins/com.st.stm32cube.ide.mcu.externaltools.gnu-tools-for-stm32.10.3-2021.10.win32_1.0.0.202111181127/tools/bin/../lib/gcc/arm-none-eabi/10.3.1/../../../../arm-none-eabi/lib/thumb/v7e-m/nofp\libc_nano.a(lib_a-exit.o)
 .debug_frame   0x0000000000000000       0x28 c:/st/stm32cubeide_1.9.0/stm32cubeide/plugins/com.st.stm32cube.ide.mcu.externaltools.gnu-tools-for-stm32.10.3-2021.10.win32_1.0.0.202111181127/tools/bin/../lib/gcc/arm-none-eabi/10.3.1/../../../../arm-none-eabi/lib/thumb/v7e-m/nofp\libc_nano.a(lib_a-exit.o)
 .ARM.attributes
                0x0000000000000000       0x2e c:/st/stm32cubeide_1.9.0/stm32cubeide/plugins/com.st.stm32cube.ide.mcu.externaltools.gnu-tools-for-stm32.10.3-2021.10.win32_1.0.0.202111181127/tools/bin/../lib/gcc/arm-none-eabi/10.3.1/../../../../arm-none-eabi/lib/thumb/v7e-m/nofp\libc_nano.a(lib_a-exit.o)
 .text          0x0000000000000000        0x0 c:/st/stm32cubeide_1.9.0/stm32cubeide/plugins/com.st.stm32cube.ide.mcu.externaltools.gnu-tools-for-stm32.10.3-2021.10.win32_1.0.0.202111181127/tools/bin/../lib/gcc/arm-none-eabi/10.3.1/../../../../arm-none-eabi/lib/thumb/v7e-m/nofp\libc_nano.a(lib_a-impure.o)
 .data          0x0000000000000000        0x0 c:/st/stm32cubeide_1.9.0/stm32cubeide/plugins/com.st.stm32cube.ide.mcu.externaltools.gnu-tools-for-stm32.10.3-2021.10.win32_1.0.0.202111181127/tools/bin/../lib/gcc/arm-none-eabi/10.3.1/../../../../arm-none-eabi/lib/thumb/v7e-m/nofp\libc_nano.a(lib_a-impure.o)
 .bss           0x0000000000000000        0x0 c:/st/stm32cubeide_1.9.0/stm32cubeide/plugins/com.st.stm32cube.ide.mcu.externaltools.gnu-tools-for-stm32.10.3-2021.10.win32_1.0.0.202111181127/tools/bin/../lib/gcc/arm-none-eabi/10.3.1/../../../../arm-none-eabi/lib/thumb/v7e-m/nofp\libc_nano.a(lib_a-impure.o)
 .data._impure_ptr
                0x0000000000000000        0x4 c:/st/stm32cubeide_1.9.0/stm32cubeide/plugins/com.st.stm32cube.ide.mcu.externaltools.gnu-tools-for-stm32.10.3-2021.10.win32_1.0.0.202111181127/tools/bin/../lib/gcc/arm-none-eabi/10.3.1/../../../../arm-none-eabi/lib/thumb/v7e-m/nofp\libc_nano.a(lib_a-impure.o)
 .data.impure_data
                0x0000000000000000       0x60 c:/st/stm32cubeide_1.9.0/stm32cubeide/plugins/com.st.stm32cube.ide.mcu.externaltools.gnu-tools-for-stm32.10.3-2021.10.win32_1.0.0.202111181127/tools/bin/../lib/gcc/arm-none-eabi/10.3.1/../../../../arm-none-eabi/lib/thumb/v7e-m/nofp\libc_nano.a(lib_a-impure.o)
 .rodata._global_impure_ptr
                0x0000000000000000        0x4 c:/st/stm32cubeide_1.9.0/stm32cubeide/plugins/com.st.stm32cube.ide.mcu.externaltools.gnu-tools-for-stm32.10.3-2021.10.win32_1.0.0.202111181127/tools/bin/../lib/gcc/arm-none-eabi/10.3.1/../../../../arm-none-eabi/lib/thumb/v7e-m/nofp\libc_nano.a(lib_a-impure.o)
 .ARM.attributes
                0x0000000000000000       0x2e c:/st/stm32cubeide_1.9.0/stm32cubeide/plugins/com.st.stm32cube.ide.mcu.externaltools.gnu-tools-for-stm32.10.3-2021.10.win32_1.0.0.202111181127/tools/bin/../lib/gcc/arm-none-eabi/10.3.1/../../../../arm-none-eabi/lib/thumb/v7e-m/nofp\libc_nano.a(lib_a-impure.o)
 .text          0x0000000000000000        0x0 c:/st/stm32cubeide_1.9.0/stm32cubeide/plugins/com.st.stm32cube.ide.mcu.externaltools.gnu-tools-for-stm32.10.3-2021.10.win32_1.0.0.202111181127/tools/bin/../lib/gcc/arm-none-eabi/10.3.1/../../../../arm-none-eabi/lib/thumb/v7e-m/nofp\libc_nano.a(lib_a-init.o)
 .data          0x0000000000000000        0x0 c:/st/stm32cubeide_1.9.0/stm32cubeide/plugins/com.st.stm32cube.ide.mcu.externaltools.gnu-tools-for-stm32.10.3-2021.10.win32_1.0.0.202111181127/tools/bin/../lib/gcc/arm-none-eabi/10.3.1/../../../../arm-none-eabi/lib/thumb/v7e-m/nofp\libc_nano.a(lib_a-init.o)
 .bss           0x0000000000000000        0x0 c:/st/stm32cubeide_1.9.0/stm32cubeide/plugins/com.st.stm32cube.ide.mcu.externaltools.gnu-tools-for-stm32.10.3-2021.10.win32_1.0.0.202111181127/tools/bin/../lib/gcc/arm-none-eabi/10.3.1/../../../../arm-none-eabi/lib/thumb/v7e-m/nofp\libc_nano.a(lib_a-init.o)
 .text          0x0000000000000000        0x0 c:/st/stm32cubeide_1.9.0/stm32cubeide/plugins/com.st.stm32cube.ide.mcu.externaltools.gnu-tools-for-stm32.10.3-2021.10.win32_1.0.0.202111181127/tools/bin/../lib/gcc/arm-none-eabi/10.3.1/../../../../arm-none-eabi/lib/thumb/v7e-m/nofp\libc_nano.a(lib_a-memset.o)
 .data          0x0000000000000000        0x0 c:/st/stm32cubeide_1.9.0/stm32cubeide/plugins/com.st.stm32cube.ide.mcu.externaltools.gnu-tools-for-stm32.10.3-2021.10.win32_1.0.0.202111181127/tools/bin/../lib/gcc/arm-none-eabi/10.3.1/../../../../arm-none-eabi/lib/thumb/v7e-m/nofp\libc_nano.a(lib_a-memset.o)
 .bss           0x0000000000000000        0x0 c:/st/stm32cubeide_1.9.0/stm32cubeide/plugins/com.st.stm32cube.ide.mcu.externaltools.gnu-tools-for-stm32.10.3-2021.10.win32_1.0.0.202111181127/tools/bin/../lib/gcc/arm-none-eabi/10.3.1/../../../../arm-none-eabi/lib/thumb/v7e-m/nofp\libc_nano.a(lib_a-memset.o)
 .text.memset   0x0000000000000000       0x10 c:/st/stm32cubeide_1.9.0/stm32cubeide/plugins/com.st.stm32cube.ide.mcu.externaltools.gnu-tools-for-stm32.10.3-2021.10.win32_1.0.0.202111181127/tools/bin/../lib/gcc/arm-none-eabi/10.3.1/../../../../arm-none-eabi/lib/thumb/v7e-m/nofp\libc_nano.a(lib_a-memset.o)
 .debug_frame   0x0000000000000000       0x20 c:/st/stm32cubeide_1.9.0/stm32cubeide/plugins/com.st.stm32cube.ide.mcu.externaltools.gnu-tools-for-stm32.10.3-2021.10.win32_1.0.0.202111181127/tools/bin/../lib/gcc/arm-none-eabi/10.3.1/../../../../arm-none-eabi/lib/thumb/v7e-m/nofp\libc_nano.a(lib_a-memset.o)
 .ARM.attributes
                0x0000000000000000       0x2e c:/st/stm32cubeide_1.9.0/stm32cubeide/plugins/com.st.stm32cube.ide.mcu.externaltools.gnu-tools-for-stm32.10.3-2021.10.win32_1.0.0.202111181127/tools/bin/../lib/gcc/arm-none-eabi/10.3.1/../../../../arm-none-eabi/lib/thumb/v7e-m/nofp\libc_nano.a(lib_a-memset.o)
 .text          0x0000000000000000        0x0 c:/st/stm32cubeide_1.9.0/stm32cubeide/plugins/com.st.stm32cube.ide.mcu.externaltools.gnu-tools-for-stm32.10.3-2021.10.win32_1.0.0.202111181127/tools/bin/../lib/gcc/arm-none-eabi/10.3.1/thumb/v7e-m/nofp/crtend.o
 .data          0x0000000000000000        0x0 c:/st/stm32cubeide_1.9.0/stm32cubeide/plugins/com.st.stm32cube.ide.mcu.externaltools.gnu-tools-for-stm32.10.3-2021.10.win32_1.0.0.202111181127/tools/bin/../lib/gcc/arm-none-eabi/10.3.1/thumb/v7e-m/nofp/crtend.o
 .bss           0x0000000000000000        0x0 c:/st/stm32cubeide_1.9.0/stm32cubeide/plugins/com.st.stm32cube.ide.mcu.externaltools.gnu-tools-for-stm32.10.3-2021.10.win32_1.0.0.202111181127/tools/bin/../lib/gcc/arm-none-eabi/10.3.1/thumb/v7e-m/nofp/crtend.o
 .rodata        0x0000000000000000       0x24 c:/st/stm32cubeide_1.9.0/stm32cubeide/plugins/com.st.stm32cube.ide.mcu.externaltools.gnu-tools-for-stm32.10.3-2021.10.win32_1.0.0.202111181127/tools/bin/../lib/gcc/arm-none-eabi/10.3.1/thumb/v7e-m/nofp/crtend.o
 .eh_frame      0x0000000000000000        0x4 c:/st/stm32cubeide_1.9.0/stm32cubeide/plugins/com.st.stm32cube.ide.mcu.externaltools.gnu-tools-for-stm32.10.3-2021.10.win32_1.0.0.202111181127/tools/bin/../lib/gcc/arm-none-eabi/10.3.1/thumb/v7e-m/nofp/crtend.o
 .ARM.attributes
                0x0000000000000000       0x2e c:/st/stm32cubeide_1.9.0/stm32cubeide/plugins/com.st.stm32cube.ide.mcu.externaltools.gnu-tools-for-stm32.10.3-2021.10.win32_1.0.0.202111181127/tools/bin/../lib/gcc/arm-none-eabi/10.3.1/thumb/v7e-m/nofp/crtend.o
 .text          0x0000000000000000        0x0 c:/st/stm32cubeide_1.9.0/stm32cubeide/plugins/com.st.stm32cube.ide.mcu.externaltools.gnu-tools-for-stm32.10.3-2021.10.win32_1.0.0.202111181127/tools/bin/../lib/gcc/arm-none-eabi/10.3.1/thumb/v7e-m/nofp/crtn.o
 .data          0x0000000000000000        0x0 c:/st/stm32cubeide_1.9.0/stm32cubeide/plugins/com.st.stm32cube.ide.mcu.externaltools.gnu-tools-for-stm32.10.3-2021.10.win32_1.0.0.202111181127/tools/bin/../lib/gcc/arm-none-eabi/10.3.1/thumb/v7e-m/nofp/crtn.o
 .bss           0x0000000000000000        0x0 c:/st/stm32cubeide_1.9.0/stm32cubeide/plugins/com.st.stm32cube.ide.mcu.externaltools.gnu-tools-for-stm32.10.3-2021.10.win32_1.0.0.202111181127/tools/bin/../lib/gcc/arm-none-eabi/10.3.1/thumb/v7e-m/nofp/crtn.o

Memory Configuration

Name             Origin             Length             Attributes
CCMRAM           0x0000000010000000 0x0000000000010000 xrw
RAM              0x0000000020000000 0x0000000000020000 xrw
FLASH            0x0000000008000000 0x0000000000100000 xr
*default*        0x0000000000000000 0xffffffffffffffff

Linker script and memory map

LOAD c:/st/stm32cubeide_1.9.0/stm32cubeide/plugins/com.st.stm32cube.ide.mcu.externaltools.gnu-tools-for-stm32.10.3-2021.10.win32_1.0.0.202111181127/tools/bin/../lib/gcc/arm-none-eabi/10.3.1/thumb/v7e-m/nofp/crti.o
LOAD c:/st/stm32cubeide_1.9.0/stm32cubeide/plugins/com.st.stm32cube.ide.mcu.externaltools.gnu-tools-for-stm32.10.3-2021.10.win32_1.0.0.202111181127/tools/bin/../lib/gcc/arm-none-eabi/10.3.1/thumb/v7e-m/nofp/crtbegin.o
LOAD c:/st/stm32cubeide_1.9.0/stm32cubeide/plugins/com.st.stm32cube.ide.mcu.externaltools.gnu-tools-for-stm32.10.3-2021.10.win32_1.0.0.202111181127/tools/bin/../lib/gcc/arm-none-eabi/10.3.1/../../../../arm-none-eabi/lib/thumb/v7e-m/nofp/crt0.o
LOAD ./Src/main.o
LOAD ./Src/syscalls.o
LOAD ./Src/sysmem.o
LOAD ./Startup/startup_stm32f407vgtx.o
LOAD ./myDriver/Src/EXTI.o
LOAD ./myDriver/Src/GPIO.o
LOAD ./myDriver/Src/RCC.o
LOAD ./myDriver/Src/SPI.o
START GROUP
LOAD c:/st/stm32cubeide_1.9.0/stm32cubeide/plugins/com.st.stm32cube.ide.mcu.externaltools.gnu-tools-for-stm32.10.3-2021.10.win32_1.0.0.202111181127/tools/bin/../lib/gcc/arm-none-eabi/10.3.1/../../../../arm-none-eabi/lib/thumb/v7e-m/nofp\libc_nano.a
LOAD c:/st/stm32cubeide_1.9.0/stm32cubeide/plugins/com.st.stm32cube.ide.mcu.externaltools.gnu-tools-for-stm32.10.3-2021.10.win32_1.0.0.202111181127/tools/bin/../lib/gcc/arm-none-eabi/10.3.1/../../../../arm-none-eabi/lib/thumb/v7e-m/nofp\libm.a
END GROUP
START GROUP
LOAD c:/st/stm32cubeide_1.9.0/stm32cubeide/plugins/com.st.stm32cube.ide.mcu.externaltools.gnu-tools-for-stm32.10.3-2021.10.win32_1.0.0.202111181127/tools/bin/../lib/gcc/arm-none-eabi/10.3.1/thumb/v7e-m/nofp\libgcc.a
LOAD c:/st/stm32cubeide_1.9.0/stm32cubeide/plugins/com.st.stm32cube.ide.mcu.externaltools.gnu-tools-for-stm32.10.3-2021.10.win32_1.0.0.202111181127/tools/bin/../lib/gcc/arm-none-eabi/10.3.1/../../../../arm-none-eabi/lib/thumb/v7e-m/nofp\libc_nano.a
END GROUP
START GROUP
LOAD c:/st/stm32cubeide_1.9.0/stm32cubeide/plugins/com.st.stm32cube.ide.mcu.externaltools.gnu-tools-for-stm32.10.3-2021.10.win32_1.0.0.202111181127/tools/bin/../lib/gcc/arm-none-eabi/10.3.1/thumb/v7e-m/nofp\libgcc.a
LOAD c:/st/stm32cubeide_1.9.0/stm32cubeide/plugins/com.st.stm32cube.ide.mcu.externaltools.gnu-tools-for-stm32.10.3-2021.10.win32_1.0.0.202111181127/tools/bin/../lib/gcc/arm-none-eabi/10.3.1/../../../../arm-none-eabi/lib/thumb/v7e-m/nofp\libc_nano.a
LOAD c:/st/stm32cubeide_1.9.0/stm32cubeide/plugins/com.st.stm32cube.ide.mcu.externaltools.gnu-tools-for-stm32.10.3-2021.10.win32_1.0.0.202111181127/tools/bin/../lib/gcc/arm-none-eabi/10.3.1/../../../../arm-none-eabi/lib/thumb/v7e-m/nofp\libnosys.a
END GROUP
START GROUP
LOAD c:/st/stm32cubeide_1.9.0/stm32cubeide/plugins/com.st.stm32cube.ide.mcu.externaltools.gnu-tools-for-stm32.10.3-2021.10.win32_1.0.0.202111181127/tools/bin/../lib/gcc/arm-none-eabi/10.3.1/thumb/v7e-m/nofp\libgcc.a
LOAD c:/st/stm32cubeide_1.9.0/stm32cubeide/plugins/com.st.stm32cube.ide.mcu.externaltools.gnu-tools-for-stm32.10.3-2021.10.win32_1.0.0.202111181127/tools/bin/../lib/gcc/arm-none-eabi/10.3.1/../../../../arm-none-eabi/lib/thumb/v7e-m/nofp\libc_nano.a
LOAD c:/st/stm32cubeide_1.9.0/stm32cubeide/plugins/com.st.stm32cube.ide.mcu.externaltools.gnu-tools-for-stm32.10.3-2021.10.win32_1.0.0.202111181127/tools/bin/../lib/gcc/arm-none-eabi/10.3.1/../../../../arm-none-eabi/lib/thumb/v7e-m/nofp\libnosys.a
END GROUP
LOAD c:/st/stm32cubeide_1.9.0/stm32cubeide/plugins/com.st.stm32cube.ide.mcu.externaltools.gnu-tools-for-stm32.10.3-2021.10.win32_1.0.0.202111181127/tools/bin/../lib/gcc/arm-none-eabi/10.3.1/thumb/v7e-m/nofp/crtend.o
LOAD c:/st/stm32cubeide_1.9.0/stm32cubeide/plugins/com.st.stm32cube.ide.mcu.externaltools.gnu-tools-for-stm32.10.3-2021.10.win32_1.0.0.202111181127/tools/bin/../lib/gcc/arm-none-eabi/10.3.1/thumb/v7e-m/nofp/crtn.o
                0x0000000020020000                _estack = (ORIGIN (RAM) + LENGTH (RAM))
                0x0000000000000200                _Min_Heap_Size = 0x200
                0x0000000000000400                _Min_Stack_Size = 0x400

.isr_vector     0x0000000008000000      0x1a8
                0x0000000008000000                . = ALIGN (0x4)
 *(.isr_vector)
 .isr_vector    0x0000000008000000      0x1a8 ./Startup/startup_stm32f407vgtx.o
                0x0000000008000000                g_pfnVectors
                0x00000000080001a8                . = ALIGN (0x4)

.text           0x00000000080001a8      0x470
                0x00000000080001a8                . = ALIGN (0x4)
 *(.text)
 .text          0x00000000080001a8       0x40 c:/st/stm32cubeide_1.9.0/stm32cubeide/plugins/com.st.stm32cube.ide.mcu.externaltools.gnu-tools-for-stm32.10.3-2021.10.win32_1.0.0.202111181127/tools/bin/../lib/gcc/arm-none-eabi/10.3.1/thumb/v7e-m/nofp/crtbegin.o
 *(.text*)
 .text.EXTI0_IRQHandler
                0x00000000080001e8       0x3c ./Src/main.o
                0x00000000080001e8                EXTI0_IRQHandler
 .text.SPI1_IRQHandler
                0x0000000008000224        0xc ./Src/main.o
                0x0000000008000224                SPI1_IRQHandler
 .text.startup.main
                0x0000000008000230       0xe4 ./Src/main.o
                0x0000000008000230                main
 .text.Reset_Handler
                0x0000000008000314       0x50 ./Startup/startup_stm32f407vgtx.o
                0x0000000008000314                Reset_Handler
 .text.Default_Handler
                0x0000000008000364        0x2 ./Startup/startup_stm32f407vgtx.o
                0x0000000008000364                RTC_Alarm_IRQHandler
                0x0000000008000364                HASH_RNG_IRQHandler
                0x0000000008000364                EXTI2_IRQHandler
                0x0000000008000364                TIM8_CC_IRQHandler
                0x0000000008000364                DebugMon_Handler
                0x0000000008000364                TIM1_CC_IRQHandler
                0x0000000008000364                DMA2_Stream5_IRQHandler
                0x0000000008000364                HardFault_Handler
                0x0000000008000364                DMA1_Stream5_IRQHandler
                0x0000000008000364                SysTick_Handler
                0x0000000008000364                PVD_IRQHandler
                0x0000000008000364                SDIO_IRQHandler
                0x0000000008000364                TAMP_STAMP_IRQHandler
                0x0000000008000364                PendSV_Handler
                0x0000000008000364                NMI_Handler
                0x0000000008000364                CAN2_RX1_IRQHandler
                0x0000000008000364                EXTI3_IRQHandler
                0x0000000008000364                TIM8_TRG_COM_TIM14_IRQHandler
                0x0000000008000364                TIM1_UP_TIM10_IRQHandler
                0x0000000008000364                TIM8_UP_TIM13_IRQHandler
                0x0000000008000364                I2C3_ER_IRQHandler
                0x0000000008000364                LCD_TFT_IRQHandler
                0x0000000008000364                I2C2_EV_IRQHandler
                0x0000000008000364                DMA1_Stream2_IRQHandler
                0x0000000008000364                CAN1_RX0_IRQHandler
                0x0000000008000364                FPU_IRQHandler
                0x0000000008000364                OTG_HS_WKUP_IRQHandler
                0x0000000008000364                UsageFault_Handler
                0x0000000008000364                CAN2_SCE_IRQHandler
                0x0000000008000364                DMA2_Stream2_IRQHandler
                0x0000000008000364                TIM6_DAC_IRQHandler
                0x0000000008000364                TIM1_BRK_TIM9_IRQHandler
                0x0000000008000364                DCMI_IRQHandler
                0x0000000008000364                CAN2_RX0_IRQHandler
                0x0000000008000364                DMA2_Stream3_IRQHandler
                0x0000000008000364                USART6_IRQHandler
                0x0000000008000364                USART3_IRQHandler
                0x0000000008000364                CRYP_IRQHandler
                0x0000000008000364                CAN1_RX1_IRQHandler
                0x0000000008000364                UART5_IRQHandler
                0x0000000008000364                DMA2_Stream0_IRQHandler
                0x0000000008000364                TIM4_IRQHandler
                0x0000000008000364                I2C1_EV_IRQHandler
                0x0000000008000364                DMA1_Stream6_IRQHandler
                0x0000000008000364                DMA1_Stream1_IRQHandler
                0x0000000008000364                UART4_IRQHandler
                0x0000000008000364                LCD_TFT_1_IRQHandler
                0x0000000008000364                TIM3_IRQHandler
                0x0000000008000364                RCC_IRQHandler
                0x0000000008000364                TIM8_BRK_TIM12_IRQHandler
                0x0000000008000364                Default_Handler
                0x0000000008000364                EXTI15_10_IRQHandler
                0x0000000008000364                ADC_IRQHandler
                0x0000000008000364                DMA1_Stream7_IRQHandler
                0x0000000008000364                TIM7_IRQHandler
                0x0000000008000364                CAN2_TX_IRQHandler
                0x0000000008000364                TIM5_IRQHandler
                0x0000000008000364                DMA2_Stream7_IRQHandler
                0x0000000008000364                I2C3_EV_IRQHandler
                0x0000000008000364                EXTI9_5_IRQHandler
                0x0000000008000364                RTC_WKUP_IRQHandler
                0x0000000008000364                ETH_WKUP_IRQHandler
                0x0000000008000364                SPI2_IRQHandler
                0x0000000008000364                OTG_HS_EP1_IN_IRQHandler
                0x0000000008000364                MemManage_Handler
                0x0000000008000364                DMA1_Stream0_IRQHandler
                0x0000000008000364                CAN1_TX_IRQHandler
                0x0000000008000364                SVC_Handler
                0x0000000008000364                EXTI4_IRQHandler
                0x0000000008000364                FSMC_IRQHandler
                0x0000000008000364                ETH_IRQHandler
                0x0000000008000364                OTG_HS_EP1_OUT_IRQHandler
                0x0000000008000364                WWDG_IRQHandler
                0x0000000008000364                TIM2_IRQHandler
                0x0000000008000364                OTG_FS_WKUP_IRQHandler
                0x0000000008000364                TIM1_TRG_COM_TIM11_IRQHandler
                0x0000000008000364                OTG_HS_IRQHandler
                0x0000000008000364                EXTI1_IRQHandler
                0x0000000008000364                USART2_IRQHandler
                0x0000000008000364                I2C2_ER_IRQHandler
                0x0000000008000364                DMA2_Stream1_IRQHandler
                0x0000000008000364                CAN1_SCE_IRQHandler
                0x0000000008000364                DMA2_Stream4_IRQHandler
                0x0000000008000364                BusFault_Handler
                0x0000000008000364                USART1_IRQHandler
                0x0000000008000364                OTG_FS_IRQHandler
                0x0000000008000364                SPI3_IRQHandler
                0x0000000008000364                DMA1_Stream4_IRQHandler
                0x0000000008000364                I2C1_ER_IRQHandler
                0x0000000008000364                DMA2_Stream6_IRQHandler
                0x0000000008000364                DMA1_Stream3_IRQHandler
 *fill*         0x0000000008000366        0x2 
 .text.EXTI_Init
                0x0000000008000368       0x88 ./myDriver/Src/EXTI.o
                0x0000000008000368                EXTI_Init
 .text.EXTI_LineConfig
                0x00000000080003f0       0x1c ./myDriver/Src/EXTI.o
                0x00000000080003f0                EXTI_LineConfig
 .text.NVIC_EnableInterrupt
                0x000000000800040c       0x20 ./myDriver/Src/EXTI.o
                0x000000000800040c                NVIC_EnableInterrupt
 .text.GPIO_Init
                0x000000000800042c       0xb0 ./myDriver/Src/GPIO.o
                0x000000000800042c                GPIO_Init
 .text.SPI_TransmitHelper_16Bits
                0x00000000080004dc       0x28 ./myDriver/Src/SPI.o
 .text.SPI_TransmitHelper_8Bits
                0x0000000008000504       0x28 ./myDriver/Src/SPI.o
 .text.SPI_Init
                0x000000000800052c       0x2c ./myDriver/Src/SPI.o
                0x000000000800052c                SPI_Init
 .text.SPI_PeripheralCmd
                0x0000000008000558       0x14 ./myDriver/Src/SPI.o
                0x0000000008000558                SPI_PeripheralCmd
 .text.SPI_TransmitData_IT
                0x000000000800056c       0x38 ./myDriver/Src/SPI.o
                0x000000000800056c                SPI_TransmitData_IT
 .text.SPI_InterruptHandler
                0x00000000080005a4       0x14 ./myDriver/Src/SPI.o
                0x00000000080005a4                SPI_InterruptHandler
 .text.__libc_init_array
                0x00000000080005b8       0x48 c:/st/stm32cubeide_1.9.0/stm32cubeide/plugins/com.st.stm32cube.ide.mcu.externaltools.gnu-tools-for-stm32.10.3-2021.10.win32_1.0.0.202111181127/tools/bin/../lib/gcc/arm-none-eabi/10.3.1/../../../../arm-none-eabi/lib/thumb/v7e-m/nofp\libc_nano.a(lib_a-init.o)
                0x00000000080005b8                __libc_init_array
 *(.glue_7)
 .glue_7        0x0000000008000600        0x0 linker stubs
 *(.glue_7t)
 .glue_7t       0x0000000008000600        0x0 linker stubs
 *(.eh_frame)
 .eh_frame      0x0000000008000600        0x0 c:/st/stm32cubeide_1.9.0/stm32cubeide/plugins/com.st.stm32cube.ide.mcu.externaltools.gnu-tools-for-stm32.10.3-2021.10.win32_1.0.0.202111181127/tools/bin/../lib/gcc/arm-none-eabi/10.3.1/thumb/v7e-m/nofp/crtbegin.o
 *(.init)
 .init          0x0000000008000600        0x4 c:/st/stm32cubeide_1.9.0/stm32cubeide/plugins/com.st.stm32cube.ide.mcu.externaltools.gnu-tools-for-stm32.10.3-2021.10.win32_1.0.0.202111181127/tools/bin/../lib/gcc/arm-none-eabi/10.3.1/thumb/v7e-m/nofp/crti.o
                0x0000000008000600                _init
 .init          0x0000000008000604        0x8 c:/st/stm32cubeide_1.9.0/stm32cubeide/plugins/com.st.stm32cube.ide.mcu.externaltools.gnu-tools-for-stm32.10.3-2021.10.win32_1.0.0.202111181127/tools/bin/../lib/gcc/arm-none-eabi/10.3.1/thumb/v7e-m/nofp/crtn.o
 *(.fini)
 .fini          0x000000000800060c        0x4 c:/st/stm32cubeide_1.9.0/stm32cubeide/plugins/com.st.stm32cube.ide.mcu.externaltools.gnu-tools-for-stm32.10.3-2021.10.win32_1.0.0.202111181127/tools/bin/../lib/gcc/arm-none-eabi/10.3.1/thumb/v7e-m/nofp/crti.o
                0x000000000800060c                _fini
 .fini          0x0000000008000610        0x8 c:/st/stm32cubeide_1.9.0/stm32cubeide/plugins/com.st.stm32cube.ide.mcu.externaltools.gnu-tools-for-stm32.10.3-2021.10.win32_1.0.0.202111181127/tools/bin/../lib/gcc/arm-none-eabi/10.3.1/thumb/v7e-m/nofp/crtn.o
                0x0000000008000618                . = ALIGN (0x4)
                0x0000000008000618                _etext = .

.vfp11_veneer   0x0000000008000618        0x0
 .vfp11_veneer  0x0000000008000618        0x0 linker stubs

.v4_bx          0x0000000008000618        0x0
 .v4_bx         0x0000000008000618        0x0 linker stubs

.iplt           0x0000000008000618        0x0
 .iplt          0x0000000008000618        0x0 c:/st/stm32cubeide_1.9.0/stm32cubeide/plugins/com.st.stm32cube.ide.mcu.externaltools.gnu-tools-for-stm32.10.3-2021.10.win32_1.0.0.202111181127/tools/bin/../lib/gcc/arm-none-eabi/10.3.1/thumb/v7e-m/nofp/crtbegin.o

.rodata         0x0000000008000618        0xc
                0x0000000008000618                . = ALIGN (0x4)
 *(.rodata)
 *(.rodata*)
 .rodata.EXTI0_IRQHandler.str1.4
                0x0000000008000618        0xc ./Src/main.o
                0x0000000008000624                . = ALIGN (0x4)

.rel.dyn        0x0000000008000624        0x0
 .rel.iplt      0x0000000008000624        0x0 c:/st/stm32cubeide_1.9.0/stm32cubeide/plugins/com.st.stm32cube.ide.mcu.externaltools.gnu-tools-for-stm32.10.3-2021.10.win32_1.0.0.202111181127/tools/bin/../lib/gcc/arm-none-eabi/10.3.1/thumb/v7e-m/nofp/crtbegin.o

.ARM.extab      0x0000000008000624        0x0
                0x0000000008000624                . = ALIGN (0x4)
 *(.ARM.extab* .gnu.linkonce.armextab.*)
                0x0000000008000624                . = ALIGN (0x4)

.ARM            0x0000000008000624        0x0
                0x0000000008000624                . = ALIGN (0x4)
                0x0000000008000624                __exidx_start = .
 *(.ARM.exidx*)
                0x0000000008000624                __exidx_end = .
                0x0000000008000624                . = ALIGN (0x4)

.preinit_array  0x0000000008000624        0x0
                0x0000000008000624                . = ALIGN (0x4)
                0x0000000008000624                PROVIDE (__preinit_array_start = .)
 *(.preinit_array*)
                0x0000000008000624                PROVIDE (__preinit_array_end = .)
                0x0000000008000624                . = ALIGN (0x4)

.init_array     0x0000000008000624        0x4
                0x0000000008000624                . = ALIGN (0x4)
                0x0000000008000624                PROVIDE (__init_array_start = .)
 *(SORT_BY_NAME(.init_array.*))
 *(.init_array*)
 .init_array    0x0000000008000624        0x4 c:/st/stm32cubeide_1.9.0/stm32cubeide/plugins/com.st.stm32cube.ide.mcu.externaltools.gnu-tools-for-stm32.10.3-2021.10.win32_1.0.0.202111181127/tools/bin/../lib/gcc/arm-none-eabi/10.3.1/thumb/v7e-m/nofp/crtbegin.o
                0x0000000008000628                PROVIDE (__init_array_end = .)
                0x0000000008000628                . = ALIGN (0x4)

.fini_array     0x0000000008000628        0x4
                0x0000000008000628                . = ALIGN (0x4)
                [!provide]                        PROVIDE (__fini_array_start = .)
 *(SORT_BY_NAME(.fini_array.*))
 *(.fini_array*)
 .fini_array    0x0000000008000628        0x4 c:/st/stm32cubeide_1.9.0/stm32cubeide/plugins/com.st.stm32cube.ide.mcu.externaltools.gnu-tools-for-stm32.10.3-2021.10.win32_1.0.0.202111181127/tools/bin/../lib/gcc/arm-none-eabi/10.3.1/thumb/v7e-m/nofp/crtbegin.o
                [!provide]                        PROVIDE (__fini_array_end = .)
                0x000000000800062c                . = ALIGN (0x4)
                0x000000000800062c                _sidata = LOADADDR (.data)

.data           0x0000000020000000        0x0 load address 0x000000000800062c
                0x0000000020000000                . = ALIGN (0x4)
                0x0000000020000000                _sdata = .
 *(.data)
 *(.data*)
 *(.RamFunc)
 *(.RamFunc*)
                0x0000000020000000                . = ALIGN (0x4)
                0x0000000020000000                _edata = .
                0x000000000800062c                _siccmram = LOADADDR (.ccmram)

.igot.plt       0x0000000020000000        0x0 load address 0x000000000800062c
 .igot.plt      0x0000000020000000        0x0 c:/st/stm32cubeide_1.9.0/stm32cubeide/plugins/com.st.stm32cube.ide.mcu.externaltools.gnu-tools-for-stm32.10.3-2021.10.win32_1.0.0.202111181127/tools/bin/../lib/gcc/arm-none-eabi/10.3.1/thumb/v7e-m/nofp/crtbegin.o

.ccmram         0x0000000010000000        0x0 load address 0x000000000800062c
                0x0000000010000000                . = ALIGN (0x4)
                0x0000000010000000                _sccmram = .
 *(.ccmram)
 *(.ccmram*)
                0x0000000010000000                . = ALIGN (0x4)
                0x0000000010000000                _eccmram = .
                0x0000000010000000                . = ALIGN (0x4)

.bss            0x0000000020000000       0x4c
                0x0000000020000000                _sbss = .
                0x0000000020000000                __bss_start__ = _sbss
 *(.bss)
 .bss           0x0000000020000000       0x1c c:/st/stm32cubeide_1.9.0/stm32cubeide/plugins/com.st.stm32cube.ide.mcu.externaltools.gnu-tools-for-stm32.10.3-2021.10.win32_1.0.0.202111181127/tools/bin/../lib/gcc/arm-none-eabi/10.3.1/thumb/v7e-m/nofp/crtbegin.o
 *(.bss*)
 .bss.SPI_HandleStructure
                0x000000002000001c       0x30 ./Src/main.o
                0x000000002000001c                SPI_HandleStructure
 *(COMMON)
                0x000000002000004c                . = ALIGN (0x4)
                0x000000002000004c                _ebss = .
                0x000000002000004c                __bss_end__ = _ebss

._user_heap_stack
                0x000000002000004c      0x604
                0x0000000020000050                . = ALIGN (0x8)
 *fill*         0x000000002000004c        0x4 
                [!provide]                        PROVIDE (end = .)
                0x0000000020000050                PROVIDE (_end = .)
                0x0000000020000250                . = (. + _Min_Heap_Size)
 *fill*         0x0000000020000050      0x200 
                0x0000000020000650                . = (. + _Min_Stack_Size)
 *fill*         0x0000000020000250      0x400 
                0x0000000020000650                . = ALIGN (0x8)

/DISCARD/
 libc.a(*)
 libm.a(*)
 libgcc.a(*)

.ARM.attributes
                0x0000000000000000       0x2a
 *(.ARM.attributes)
 .ARM.attributes
                0x0000000000000000       0x1e c:/st/stm32cubeide_1.9.0/stm32cubeide/plugins/com.st.stm32cube.ide.mcu.externaltools.gnu-tools-for-stm32.10.3-2021.10.win32_1.0.0.202111181127/tools/bin/../lib/gcc/arm-none-eabi/10.3.1/thumb/v7e-m/nofp/crti.o
 .ARM.attributes
                0x000000000000001e       0x2e c:/st/stm32cubeide_1.9.0/stm32cubeide/plugins/com.st.stm32cube.ide.mcu.externaltools.gnu-tools-for-stm32.10.3-2021.10.win32_1.0.0.202111181127/tools/bin/../lib/gcc/arm-none-eabi/10.3.1/thumb/v7e-m/nofp/crtbegin.o
 .ARM.attributes
                0x000000000000004c       0x2e ./Src/main.o
 .ARM.attributes
                0x000000000000007a       0x21 ./Startup/startup_stm32f407vgtx.o
 .ARM.attributes
                0x000000000000009b       0x2e ./myDriver/Src/EXTI.o
 .ARM.attributes
                0x00000000000000c9       0x2e ./myDriver/Src/GPIO.o
 .ARM.attributes
                0x00000000000000f7       0x2e ./myDriver/Src/SPI.o
 .ARM.attributes
                0x0000000000000125       0x2e c:/st/stm32cubeide_1.9.0/stm32cubeide/plugins/com.st.stm32cube.ide.mcu.externaltools.gnu-tools-for-stm32.10.3-2021.10.win32_1.0.0.202111181127/tools/bin/../lib/gcc/arm-none-eabi/10.3.1/../../../../arm-none-eabi/lib/thumb/v7e-m/nofp\libc_nano.a(lib_a-init.o)
 .ARM.attributes
                0x0000000000000153       0x1e c:/st/stm32cubeide_1.9.0/stm32cubeide/plugins/com.st.stm32cube.ide.mcu.externaltools.gnu-tools-for-stm32.10.3-2021.10.win32_1.0.0.202111181127/tools/bin/../lib/gcc/arm-none-eabi/10.3.1/thumb/v7e-m/nofp/crtn.o
OUTPUT(driverDevolopment.elf elf32-littlearm)
LOAD linker stubs
LOAD c:/st/stm32cubeide_1.9.0/stm32cubeide/plugins/com.st.stm32cube.ide.mcu.externaltools.gnu-tools-for-stm32.10.3-2021.10.win32_1.0.0.202111181127/tools/bin/../lib/gcc/arm-none-eabi/10.3.1/../../../../arm-none-eabi/lib/thumb/v7e-m/nofp\libc.a
LOAD c:/st/stm32cubeide_1.9.0/stm32cubeide/plugins/com.st.stm32cube.ide.mcu.externaltools.gnu-tools-for-stm32.10.3-2021.10.win32_1.0.0.202111181127/tools/bin/../lib/gcc/arm-none-eabi/10.3.1/../../../../arm-none-eabi/lib/thumb/v7e-m/nofp\libm.a
LOAD c:/st/stm32cubeide_1.9.0/stm32cubeide/plugins/com.st.stm32cube.ide.mcu.externaltools.gnu-tools-for-stm32.10.3-2021.10.win32_1.0.0.202111181127/tools/bin/../lib/gcc/arm-none-eabi/10.3.1/thumb/v7e-m/nofp\libgcc.a

.debug_info     0x0000000000000000     0x17b9
 .debug_info    0x0000000000000000      0xa42 ./Src/main.o
 .debug_info    0x0000000000000a42       0x22 ./Startup/startup_stm32f407vgtx.o
 .debug_info    0x0000000000000a64      0x2f7 ./myDriver/Src/EXTI.o
 .debug_info    0x0000000000000d5b      0x39f ./myDriver/Src/GPIO.o
 .debug_info    0x00000000000010fa      0x6bf ./myDriver/Src/SPI.o

.debug_abbrev   0x0000000000000000      0x64b
 .debug_abbrev  0x0000000000000000      0x23f ./Src/main.o
 .debug_abbrev  0x000000000000023f       0x12 ./Startup/startup_stm32f407vgtx.o
 .debug_abbrev  0x0000000000000251       0xef ./myDriver/Src/EXTI.o
 .debug_abbrev  0x0000000000000340      0x125 ./myDriver/Src/GPIO.o
 .debug_abbrev  0x0000000000000465      0x1e6 ./myDriver/Src/SPI.o

.debug_loc      0x0000000000000000      0x907
 .debug_loc     0x0000000000000000       0x58 ./Src/main.o
 .debug_loc     0x0000000000000058      0x180 ./myDriver/Src/EXTI.o
 .debug_loc     0x00000000000001d8      0x2d3 ./myDriver/Src/GPIO.o
 .debug_loc     0x00000000000004ab      0x45c ./myDriver/Src/SPI.o

.debug_aranges  0x0000000000000000      0x128
 .debug_aranges
                0x0000000000000000       0x30 ./Src/main.o
 .debug_aranges
                0x0000000000000030       0x28 ./Startup/startup_stm32f407vgtx.o
 .debug_aranges
                0x0000000000000058       0x30 ./myDriver/Src/EXTI.o
 .debug_aranges
                0x0000000000000088       0x40 ./myDriver/Src/GPIO.o
 .debug_aranges
                0x00000000000000c8       0x60 ./myDriver/Src/SPI.o

.debug_ranges   0x0000000000000000      0x1d0
 .debug_ranges  0x0000000000000000       0xc0 ./Src/main.o
 .debug_ranges  0x00000000000000c0       0x20 ./Startup/startup_stm32f407vgtx.o
 .debug_ranges  0x00000000000000e0       0x20 ./myDriver/Src/EXTI.o
 .debug_ranges  0x0000000000000100       0x60 ./myDriver/Src/GPIO.o
 .debug_ranges  0x0000000000000160       0x70 ./myDriver/Src/SPI.o

.debug_macro    0x0000000000000000     0x2561
 .debug_macro   0x0000000000000000      0x17b ./Src/main.o
 .debug_macro   0x000000000000017b      0xa78 ./Src/main.o
 .debug_macro   0x0000000000000bf3       0x22 ./Src/main.o
 .debug_macro   0x0000000000000c15       0x8e ./Src/main.o
 .debug_macro   0x0000000000000ca3       0x51 ./Src/main.o
 .debug_macro   0x0000000000000cf4      0x103 ./Src/main.o
 .debug_macro   0x0000000000000df7       0x6a ./Src/main.o
 .debug_macro   0x0000000000000e61      0x1df ./Src/main.o
 .debug_macro   0x0000000000001040       0x52 ./Src/main.o
 .debug_macro   0x0000000000001092       0x18 ./Src/main.o
 .debug_macro   0x00000000000010aa       0x3c ./Src/main.o
 .debug_macro   0x00000000000010e6       0x34 ./Src/main.o
 .debug_macro   0x000000000000111a      0x174 ./Src/main.o
 .debug_macro   0x000000000000128e       0x16 ./Src/main.o
 .debug_macro   0x00000000000012a4       0x43 ./Src/main.o
 .debug_macro   0x00000000000012e7       0x34 ./Src/main.o
 .debug_macro   0x000000000000131b       0x10 ./Src/main.o
 .debug_macro   0x000000000000132b       0x58 ./Src/main.o
 .debug_macro   0x0000000000001383       0x71 ./Src/main.o
 .debug_macro   0x00000000000013f4       0x1c ./Src/main.o
 .debug_macro   0x0000000000001410      0x12a ./Src/main.o
 .debug_macro   0x000000000000153a      0x341 ./Src/main.o
 .debug_macro   0x000000000000187b       0x10 ./Src/main.o
 .debug_macro   0x000000000000188b       0x35 ./Src/main.o
 .debug_macro   0x00000000000018c0       0x20 ./Src/main.o
 .debug_macro   0x00000000000018e0      0x290 ./Src/main.o
 .debug_macro   0x0000000000001b70       0x70 ./Src/main.o
 .debug_macro   0x0000000000001be0      0x11e ./Src/main.o
 .debug_macro   0x0000000000001cfe       0xb8 ./Src/main.o
 .debug_macro   0x0000000000001db6       0xac ./Src/main.o
 .debug_macro   0x0000000000001e62      0x185 ./myDriver/Src/EXTI.o
 .debug_macro   0x0000000000001fe7       0xb2 ./myDriver/Src/EXTI.o
 .debug_macro   0x0000000000002099      0x185 ./myDriver/Src/GPIO.o
 .debug_macro   0x000000000000221e      0x118 ./myDriver/Src/GPIO.o
 .debug_macro   0x0000000000002336      0x185 ./myDriver/Src/SPI.o
 .debug_macro   0x00000000000024bb       0xa6 ./myDriver/Src/SPI.o

.debug_line     0x0000000000000000     0x1e09
 .debug_line    0x0000000000000000      0x711 ./Src/main.o
 .debug_line    0x0000000000000711       0x84 ./Startup/startup_stm32f407vgtx.o
 .debug_line    0x0000000000000795      0x678 ./myDriver/Src/EXTI.o
 .debug_line    0x0000000000000e0d      0x75e ./myDriver/Src/GPIO.o
 .debug_line    0x000000000000156b      0x89e ./myDriver/Src/SPI.o

.debug_str      0x0000000000000000     0x9797
 .debug_str     0x0000000000000000     0x94cc ./Src/main.o
                                       0x96de (size before relaxing)
 .debug_str     0x00000000000094cc       0x31 ./Startup/startup_stm32f407vgtx.o
                                         0x7c (size before relaxing)
 .debug_str     0x00000000000094fd       0x76 ./myDriver/Src/EXTI.o
                                       0x93a6 (size before relaxing)
 .debug_str     0x0000000000009573       0xcd ./myDriver/Src/GPIO.o
                                       0x92f7 (size before relaxing)
 .debug_str     0x0000000000009640      0x157 ./myDriver/Src/SPI.o
                                       0x948e (size before relaxing)

.comment        0x0000000000000000       0x50
 .comment       0x0000000000000000       0x50 ./Src/main.o
                                         0x51 (size before relaxing)
 .comment       0x0000000000000050       0x51 ./myDriver/Src/EXTI.o
 .comment       0x0000000000000050       0x51 ./myDriver/Src/GPIO.o
 .comment       0x0000000000000050       0x51 ./myDriver/Src/SPI.o

.debug_frame    0x0000000000000000      0x228
 .debug_frame   0x0000000000000000       0x60 ./Src/main.o
 .debug_frame   0x0000000000000060       0x58 ./myDriver/Src/EXTI.o
 .debug_frame   0x00000000000000b8       0x74 ./myDriver/Src/GPIO.o
 .debug_frame   0x000000000000012c       0xd0 ./myDriver/Src/SPI.o
 .debug_frame   0x00000000000001fc       0x2c c:/st/stm32cubeide_1.9.0/stm32cubeide/plugins/com.st.stm32cube.ide.mcu.externaltools.gnu-tools-for-stm32.10.3-2021.10.win32_1.0.0.202111181127/tools/bin/../lib/gcc/arm-none-eabi/10.3.1/../../../../arm-none-eabi/lib/thumb/v7e-m/nofp\libc_nano.a(lib_a-init.o)
